{
  "files": [
    "tools/x64/ffx"
  ],
  "name": "ffx",
  "root": "tools",
  "type": "host_tool"
}