[
    {
        "license_id": "LicenseRef-X",
        "name": "License X",
        "links": [
            "https://x"
        ],
        "dependents": [
            "Package A"
        ],
        "identifications": [
            {
                "identified_as": "License Kind 1",
                "condition": "allowed condition",
                "verified": true,
                "confidence": 1.0,
                "start_line": 1,
                "end_line": 2,
                "snippet_checksum": "fa2258a0fd04107e67394fdb57c0eecf",
                "snippet_text": "Some known\ntest license 1"
            },
            {
                "identified_as": "License Kind 2",
                "condition": "forbidden condition",
                "verified": true,
                "confidence": 1.0,
                "start_line": 3,
                "end_line": 4,
                "snippet_checksum": "fa2258a0fd04107e67394fdb57c0eecf",
                "snippet_text": "Some forbidden\ntest license 2",
                "overriden_conditions": [
                    "allowed_condition"
                ],
                "overriding_rules": [
                    {
                        "rule_file_path": "some/path/to/rule.json",
                        "override_condition_to": "allowed_condition",
                        "bug": "bug/1234",
                        "comment": [
                            "Some comment text"
                        ],
                        "match_criteria": {
                            "license_names": [
                                "License X"
                            ],
                            "identifications": [
                                "License Kind 2"
                            ],
                            "conditions": [
                                "*"
                            ],
                            "snippet_checksums": [
                                "*"
                            ],
                            "dependents": [
                                "*"
                            ]
                        }
                    }
                ]
            },
            {
                "identified_as": "License Kind 3",
                "condition": "forbidden condition",
                "verified": false,
                "verification_message": "'forbidden condition' condition is not an allowed",
                "suggested_override_rule": {
                    "override_condition_to": "<CHOOSE ONE OF 'allowed condition'>",
                    "bug": "<INSERT TICKET URL>",
                    "comment": [
                        "<INSERT DOCUMENTATION FOR OVERRIDE RULE>"
                    ],
                    "match_criteria": {
                        "license_names": [
                            "Foo"
                        ],
                        "identifications": [
                            "License Kind 2"
                        ],
                        "conditions": [
                            "forbidden condition"
                        ],
                        "snippet_checksums": [
                            "80c12e04fe66d3cf50eb6a4e8e2185fc"
                        ],
                        "dependents": [
                            "Package A"
                        ]
                    }
                },
                "confidence": 0.5,
                "start_line": 4,
                "end_line": 5,
                "snippet_checksum": "80c12e04fe66d3cf50eb6a4e8e2185fc",
                "snippet_text": "test license 1"
            }
        ],
        "identification_stats": {
            "size_bytes": 1000,
            "size_lines": 100,
            "unidentified_lines": 0
        }
    }
]