// WARNING: This file is machine generated by fidlgen.

// fidl_experiment = no_optional_structs
// fidl_experiment = output_index_json
// fidl_experiment = simple_empty_response_syntax
// fidl_experiment = unknown_interactions
// fidl_experiment = zx_select_case_sensitivity

#pragma once

#include <test/versions/cpp/fidl.h>
namespace test {
namespace versions {
namespace testing {

class OtherProtocol_TestBase : public ::test::versions::OtherProtocol {
 public:
  virtual ~OtherProtocol_TestBase() {}
  virtual void NotImplemented_(const std::string& name) = 0;
};

class Protocol_TestBase : public ::test::versions::Protocol {
 public:
  virtual ~Protocol_TestBase() {}
  virtual void NotImplemented_(const std::string& name) = 0;
  void Foo() override {
    NotImplemented_("Foo");
  }
};
}  // namespace testing
}  // namespace versions
}  // namespace test
