// WARNING: This file is machine generated by fidlgen.

// fidl_experiment = no_optional_structs
// fidl_experiment = output_index_json
// fidl_experiment = simple_empty_response_syntax
// fidl_experiment = unknown_interactions

#include <fidl/test.enum/cpp/type_conversions.h>

namespace fidl {
namespace internal {

#ifdef __Fuchsia__

#endif  // __Fuchsia__
}  // namespace internal
}  // namespace fidl
