// WARNING: This file is machine generated by fidlgen.

// fidl_experiment = no_optional_structs
// fidl_experiment = output_index_json
// fidl_experiment = simple_empty_response_syntax
// fidl_experiment = unknown_interactions
// fidl_experiment = zx_select_case_sensitivity

#pragma once

#include <fidl/fdf/cpp/driver/wire.h>
#include <fidl/test.handles/cpp/driver/wire_messaging.h>
#include <fidl/test.handles/cpp/markers.h>
#include <fidl/test.handles/cpp/wire_types.h>
