// WARNING: This file is machine generated by fidlgen.

// fidl_experiment = no_optional_structs
// fidl_experiment = output_index_json
// fidl_experiment = simple_empty_response_syntax
// fidl_experiment = unknown_interactions
// fidl_experiment = unknown_interactions_mandate

#pragma once

#include <lib/fidl/cpp/wire/array.h>
#include <lib/fidl/cpp/wire/envelope.h>
#include <lib/fidl/cpp/wire/internal/transport_err.h>
#include <lib/fidl/cpp/wire/message.h>
#include <lib/fidl/cpp/wire/message_storage.h>
#include <lib/fidl/cpp/wire/object_view.h>
#include <lib/fidl/cpp/wire/string_view.h>
#include <lib/fidl/cpp/wire/traits.h>
#include <lib/fidl/cpp/wire/wire_types.h>
#include <lib/stdcompat/optional.h>

#include <cinttypes>
#ifdef __Fuchsia__

#endif  // __Fuchsia__

#include <fidl/test.dependent/cpp/wire_types.h>
#include <fidl/test.importedconstvalues/cpp/common_types.h>
#include <fidl/test.importedconstvalues/cpp/markers.h>

#pragma clang diagnostic push
#pragma clang diagnostic ignored "-Wshadow"

namespace test_importedconstvalues {

namespace wire {

struct MyStruct;

extern "C" const fidl_type_t test_importedconstvalues_MyStructTable;

struct MyStruct {
  uint8_t __reserved = {};
};

constexpr ::test_dependent::wire::MyBits kBitsMember = ::test_dependent::wire::MyBits::kMember;

constexpr ::test_dependent::wire::MyEnum kEnumMember = ::test_dependent::wire::MyEnum::kMember;

}  // namespace wire
}  // namespace test_importedconstvalues
namespace fidl {

template <>
struct TypeTraits<::test_importedconstvalues::wire::MyStruct> {
  static constexpr uint32_t kMaxNumHandles = 0;
  static constexpr uint32_t kMaxDepth = 0;
  static constexpr uint32_t kPrimarySize = 1;
  static constexpr uint32_t kPrimarySizeV1 = 1;
  [[maybe_unused]] static constexpr uint32_t kMaxOutOfLine = 0;
  static constexpr uint32_t kMaxOutOfLineV1 = 0;
  static constexpr bool kHasFlexibleEnvelope = false;
  static constexpr bool kHasEnvelope = false;
  static constexpr bool kHasPointer = false;
};

template <>
struct IsFidlType<::test_importedconstvalues::wire::MyStruct> : public std::true_type {};
template <>
struct IsStruct<::test_importedconstvalues::wire::MyStruct> : public std::true_type {};
static_assert(std::is_standard_layout_v<::test_importedconstvalues::wire::MyStruct>);
static_assert(offsetof(::test_importedconstvalues::wire::MyStruct, __reserved) == 0);
static_assert(sizeof(::test_importedconstvalues::wire::MyStruct) == TypeTraits<::test_importedconstvalues::wire::MyStruct>::kPrimarySize);

template <bool IsRecursive>
struct ::fidl::internal::WireCodingTraits<::test_importedconstvalues::wire::MyStruct, ::fidl::internal::WireCodingConstraintEmpty, IsRecursive> {
  static constexpr size_t inline_size = 1;
  static constexpr auto kMembers = std::make_tuple(::fidl::internal::WireStructMemberCodingInfo<uint8_t, fidl::internal::WireCodingConstraintEmpty, IsRecursive>());
  static constexpr bool kHasPadding = false;
  using Base = WireStructCodingTraitsBase<::test_importedconstvalues::wire::MyStruct, ::fidl::internal::WireCodingConstraintEmpty, IsRecursive>;
  static constexpr bool is_memcpy_compatible = Base::is_memcpy_compatible;

  static void Encode(
      internal::WireEncoder* encoder, ::test_importedconstvalues::wire::MyStruct* value, ::fidl::internal::WirePosition position, RecursionDepth<IsRecursive> recursion_depth) {
    if constexpr (is_memcpy_compatible) {
      memcpy(position.As<void>(), value, sizeof(::test_importedconstvalues::wire::MyStruct));
    } else {
      internal::WireCodingTraits<uint8_t, fidl::internal::WireCodingConstraintEmpty, IsRecursive>::Encode(encoder, &value->__reserved, position + 0, recursion_depth);
    }
  }
  static void Decode(
      internal::WireDecoder* decoder, ::fidl::internal::WirePosition position, RecursionDepth<IsRecursive> recursion_depth) {
    if constexpr (!Base::are_members_memcpy_compatible) {
      internal::WireCodingTraits<uint8_t, fidl::internal::WireCodingConstraintEmpty, IsRecursive>::Decode(
          decoder, position + 0, recursion_depth);
    }
    if (*position.As<uint8_t>() != 0) {
      decoder->SetError(kCodingErrorInvalidPaddingBytes);
    }
  }
};

#pragma clang diagnostic pop

}  // namespace fidl
