// WARNING: This file is machine generated by fidlgen.

// fidl_experiment = no_optional_structs
// fidl_experiment = output_index_json
// fidl_experiment = simple_empty_response_syntax
// fidl_experiment = unknown_interactions
// fidl_experiment = zx_select_case_sensitivity

#pragma once

#include <fidl/test.exampleusing/cpp/natural_messaging.h>
#include <fidl/test.placementofattributes/cpp/markers.h>
#include <fidl/test.placementofattributes/cpp/natural_types.h>
#include <fidl/test.placementofattributes/cpp/wire_messaging.h>
#include <lib/fidl/cpp/channel.h>
#include <lib/fidl/cpp/client.h>
#include <lib/fidl/cpp/internal/thenable.h>
#include <lib/fidl/cpp/natural_types.h>
#include <lib/fidl/cpp/unified_messaging.h>
#include <lib/fidl/cpp/wire/unknown_interaction_handler.h>

#pragma clang diagnostic push
#pragma clang diagnostic ignored "-Wshadow"

namespace fidl {

}  // namespace fidl

template <>
struct ::fidl::internal::NaturalMethodTypes<::test_placementofattributes::ExampleProtocol::Method> {
  using Request = ::test_placementofattributes::ExampleProtocolMethodRequest;

  using Completer = fidl::Completer<>;
};
namespace test_placementofattributes {
__LOCAL extern "C" const fidl_type_t test_placementofattributes_ExampleProtocolMethodRequestTable;

#ifdef __Fuchsia__
}  // namespace test_placementofattributes

template <>
class ::fidl::internal::NaturalClientImpl<::test_placementofattributes::ExampleProtocol> final : public ::fidl::internal::NaturalClientBase {
 public:
  using NaturalClientBase::NaturalClientBase;
  ::fit::result<::fidl::OneWayError> Method(const ::fidl::Request<::test_placementofattributes::ExampleProtocol::Method>& request) const;
};
namespace test_placementofattributes {

#endif  // __Fuchsia__

}  // namespace test_placementofattributes

#ifdef __Fuchsia__

template <>
class ::fidl::internal::NaturalSyncClientImpl<::test_placementofattributes::ExampleProtocol> final
    : public ::fidl::internal::SyncEndpointManagedVeneer<::fidl::internal::NaturalSyncClientImpl<::test_placementofattributes::ExampleProtocol>> {
 public:
  ::fit::result<::fidl::OneWayError> Method(const ::fidl::Request<::test_placementofattributes::ExampleProtocol::Method>& request);

 private:
  ::fidl::UnownedClientEnd<::test_placementofattributes::ExampleProtocol> _client_end() const {
    return ::fidl::UnownedClientEnd<::test_placementofattributes::ExampleProtocol>(
        _transport().get<::fidl::internal::ChannelTransport>());
  }
};

#endif  // __Fuchsia__

#ifdef __Fuchsia__

template <>
class ::fidl::internal::NaturalEventHandlerInterface<::test_placementofattributes::ExampleProtocol> : public ::fidl::internal::BaseEventHandlerInterface {
 public:
  NaturalEventHandlerInterface() = default;
  virtual ~NaturalEventHandlerInterface() = default;
};

template <>
class ::fidl::AsyncEventHandler<::test_placementofattributes::ExampleProtocol>
    : public ::fidl::internal::NaturalEventHandlerInterface<::test_placementofattributes::ExampleProtocol>, public ::fidl::internal::AsyncEventHandler {
 public:
  AsyncEventHandler() = default;
};

template <>
class ::fidl::SyncEventHandler<::test_placementofattributes::ExampleProtocol>
    : public ::fidl::internal::NaturalEventHandlerInterface<::test_placementofattributes::ExampleProtocol>, public ::fidl::internal::SyncEventHandler {
 public:
  SyncEventHandler() = default;

  // Handle all possible events defined in this protocol.
  // Blocks to consume exactly one message from the channel, then call the corresponding virtual
  // method.
  ::fidl::Status HandleOneEvent(
      ::fidl::UnownedClientEnd<::test_placementofattributes::ExampleProtocol> client_end);
};

template <>
class ::fidl::internal::NaturalEventDispatcher<::test_placementofattributes::ExampleProtocol> final : public ::fidl::internal::IncomingEventDispatcher<::fidl::internal::NaturalEventHandlerInterface<::test_placementofattributes::ExampleProtocol>> {
 public:
  explicit NaturalEventDispatcher(::fidl::internal::NaturalEventHandlerInterface<::test_placementofattributes::ExampleProtocol>* event_handler)
      : IncomingEventDispatcher(event_handler) {}
};

#endif  // __Fuchsia__

#ifdef __Fuchsia__
template <>
class ::fidl::internal::NaturalWeakEventSender<::test_placementofattributes::ExampleProtocol> : public ::fidl::internal::WeakEventSenderBase {
 public:
  using WeakEventSenderBase::WeakEventSenderBase;
};

template <>
class ::fidl::internal::NaturalEventSender<::test_placementofattributes::ExampleProtocol>
    : public ::fidl::internal::SyncEndpointManagedVeneer<::fidl::internal::NaturalEventSender<::test_placementofattributes::ExampleProtocol>> {
 public:
  using SyncEndpointManagedVeneer::SyncEndpointManagedVeneer;
};

#endif  // __Fuchsia__

template <>
class ::fidl::Server<::test_placementofattributes::ExampleProtocol> : public ::fidl::internal::IncomingMessageDispatcher {
 public:
  Server() = default;
  virtual ~Server() = default;

  // The FIDL protocol type that is implemented by this server.
  using _EnclosingProtocol = ::test_placementofattributes::ExampleProtocol;

  using Handler = fidl::ProtocolHandler<::test_placementofattributes::ExampleProtocol>;

  using MethodRequest = ::fidl::Request<::test_placementofattributes::ExampleProtocol::Method>;
  using MethodCompleter = ::fidl::internal::NaturalCompleter<::test_placementofattributes::ExampleProtocol::Method>;

  virtual void Method(MethodRequest& request,
                      MethodCompleter::Sync& completer) = 0;

  // |bind_handler| returns a handler that binds incoming connections to this
  // server implementation.
  //
  // The returned handler borrows the server instance.
  // The server must outlive the provided |dispatcher|. Only after
  // the dispatcher is shutdown will it be safe to destroy the servers.
  // The server should not be moved.
  Handler bind_handler(async_dispatcher_t* dispatcher) {
    return [impl = this, dispatcher = dispatcher](::fidl::ServerEnd<::test_placementofattributes::ExampleProtocol> request) {
      (void)::fidl::BindServer(dispatcher, std::move(request), impl);
    };
  }

 private:
  void dispatch_message(
      ::fidl::IncomingHeaderAndMessage&& msg, ::fidl::Transaction* txn,
      ::fidl::internal::MessageStorageViewBase* storage_view) final;
};

#ifdef __Fuchsia__

template <>
struct ::fidl::internal::NaturalServerDispatcher<::test_placementofattributes::ExampleProtocol> final {
  NaturalServerDispatcher() = delete;
  static void Dispatch(::fidl::Server<::test_placementofattributes::ExampleProtocol>* impl, ::fidl::IncomingHeaderAndMessage&& msg,
                       internal::MessageStorageViewBase* storage_view,
                       ::fidl::Transaction* txn);

 private:
  static const ::fidl::internal::MethodEntry entries_[];
  static const ::fidl::internal::MethodEntry* entries_end_;
  static constexpr const ::fidl::internal::UnknownMethodHandlerEntry& unknown_method_handler_entry_ =
      ::fidl::internal::UnknownMethodHandlerEntry::kClosedProtocolHandlerEntry;
};

#endif  // __Fuchsia__

#pragma clang diagnostic pop
