// WARNING: This file is machine generated by fidlgen.

#include <fidl/test.protocollayoutssamelibrary/cpp/common_types.h>
