// WARNING: This file is machine generated by fidlc.

#include <lib/fidl/internal.h>


__LOCAL extern const struct FidlCodedBits zx_RightsTable;
__LOCAL extern const struct FidlCodedEnum zx_ObjTypeTable;
__LOCAL extern const struct FidlCodedEnum fdf_ObjTypeTable;
__LOCAL extern const struct FidlCodedStruct test_handles_HandlesTable;
__LOCAL extern const struct FidlCodedStruct test_handles_FdfHandlesTable;


static const struct FidlCodedHandle Handlehandle2147483648nonnullableTable = {.tag=kFidlTypeHandle, .handle_subtype=ZX_OBJ_TYPE_NONE, .handle_rights=2147483648u, .nullable=kFidlNullability_Nonnullable};

static const struct FidlCodedHandle Handlebti2147483648nonnullableTable = {.tag=kFidlTypeHandle, .handle_subtype=ZX_OBJ_TYPE_BTI, .handle_rights=2147483648u, .nullable=kFidlNullability_Nonnullable};

static const struct FidlCodedHandle Handlechannel2147483648nonnullableTable = {.tag=kFidlTypeHandle, .handle_subtype=ZX_OBJ_TYPE_CHANNEL, .handle_rights=2147483648u, .nullable=kFidlNullability_Nonnullable};

static const struct FidlCodedHandle Handleclock2147483648nonnullableTable = {.tag=kFidlTypeHandle, .handle_subtype=ZX_OBJ_TYPE_CLOCK, .handle_rights=2147483648u, .nullable=kFidlNullability_Nonnullable};

static const struct FidlCodedHandle Handledebuglog2147483648nonnullableTable = {.tag=kFidlTypeHandle, .handle_subtype=ZX_OBJ_TYPE_LOG, .handle_rights=2147483648u, .nullable=kFidlNullability_Nonnullable};

static const struct FidlCodedHandle Handleevent2147483648nonnullableTable = {.tag=kFidlTypeHandle, .handle_subtype=ZX_OBJ_TYPE_EVENT, .handle_rights=2147483648u, .nullable=kFidlNullability_Nonnullable};

static const struct FidlCodedHandle Handleeventpair2147483648nonnullableTable = {.tag=kFidlTypeHandle, .handle_subtype=ZX_OBJ_TYPE_EVENTPAIR, .handle_rights=2147483648u, .nullable=kFidlNullability_Nonnullable};

static const struct FidlCodedHandle Handleexception2147483648nonnullableTable = {.tag=kFidlTypeHandle, .handle_subtype=ZX_OBJ_TYPE_EXCEPTION, .handle_rights=2147483648u, .nullable=kFidlNullability_Nonnullable};

static const struct FidlCodedHandle Handlefifo2147483648nonnullableTable = {.tag=kFidlTypeHandle, .handle_subtype=ZX_OBJ_TYPE_FIFO, .handle_rights=2147483648u, .nullable=kFidlNullability_Nonnullable};

static const struct FidlCodedHandle Handleguest2147483648nonnullableTable = {.tag=kFidlTypeHandle, .handle_subtype=ZX_OBJ_TYPE_GUEST, .handle_rights=2147483648u, .nullable=kFidlNullability_Nonnullable};

static const struct FidlCodedHandle Handleinterrupt2147483648nonnullableTable = {.tag=kFidlTypeHandle, .handle_subtype=ZX_OBJ_TYPE_INTERRUPT, .handle_rights=2147483648u, .nullable=kFidlNullability_Nonnullable};

static const struct FidlCodedHandle Handleiommu2147483648nonnullableTable = {.tag=kFidlTypeHandle, .handle_subtype=ZX_OBJ_TYPE_IOMMU, .handle_rights=2147483648u, .nullable=kFidlNullability_Nonnullable};

static const struct FidlCodedHandle Handlejob2147483648nonnullableTable = {.tag=kFidlTypeHandle, .handle_subtype=ZX_OBJ_TYPE_JOB, .handle_rights=2147483648u, .nullable=kFidlNullability_Nonnullable};

static const struct FidlCodedHandle Handlemsi2147483648nonnullableTable = {.tag=kFidlTypeHandle, .handle_subtype=ZX_OBJ_TYPE_MSI, .handle_rights=2147483648u, .nullable=kFidlNullability_Nonnullable};

static const struct FidlCodedHandle Handlepager2147483648nonnullableTable = {.tag=kFidlTypeHandle, .handle_subtype=ZX_OBJ_TYPE_PAGER, .handle_rights=2147483648u, .nullable=kFidlNullability_Nonnullable};

static const struct FidlCodedHandle Handlepmt2147483648nonnullableTable = {.tag=kFidlTypeHandle, .handle_subtype=ZX_OBJ_TYPE_PMT, .handle_rights=2147483648u, .nullable=kFidlNullability_Nonnullable};

static const struct FidlCodedHandle Handleport2147483648nonnullableTable = {.tag=kFidlTypeHandle, .handle_subtype=ZX_OBJ_TYPE_PORT, .handle_rights=2147483648u, .nullable=kFidlNullability_Nonnullable};

static const struct FidlCodedHandle Handleprocess2147483648nonnullableTable = {.tag=kFidlTypeHandle, .handle_subtype=ZX_OBJ_TYPE_PROCESS, .handle_rights=2147483648u, .nullable=kFidlNullability_Nonnullable};

static const struct FidlCodedHandle Handleprofile2147483648nonnullableTable = {.tag=kFidlTypeHandle, .handle_subtype=ZX_OBJ_TYPE_PROFILE, .handle_rights=2147483648u, .nullable=kFidlNullability_Nonnullable};

static const struct FidlCodedHandle Handleresource2147483648nonnullableTable = {.tag=kFidlTypeHandle, .handle_subtype=ZX_OBJ_TYPE_RESOURCE, .handle_rights=2147483648u, .nullable=kFidlNullability_Nonnullable};

static const struct FidlCodedHandle Handlesocket2147483648nonnullableTable = {.tag=kFidlTypeHandle, .handle_subtype=ZX_OBJ_TYPE_SOCKET, .handle_rights=2147483648u, .nullable=kFidlNullability_Nonnullable};

static const struct FidlCodedHandle Handlestream2147483648nonnullableTable = {.tag=kFidlTypeHandle, .handle_subtype=ZX_OBJ_TYPE_STREAM, .handle_rights=2147483648u, .nullable=kFidlNullability_Nonnullable};

static const struct FidlCodedHandle Handlesuspendtoken2147483648nonnullableTable = {.tag=kFidlTypeHandle, .handle_subtype=ZX_OBJ_TYPE_SUSPEND_TOKEN, .handle_rights=2147483648u, .nullable=kFidlNullability_Nonnullable};

static const struct FidlCodedHandle Handlethread2147483648nonnullableTable = {.tag=kFidlTypeHandle, .handle_subtype=ZX_OBJ_TYPE_THREAD, .handle_rights=2147483648u, .nullable=kFidlNullability_Nonnullable};

static const struct FidlCodedHandle Handletimer2147483648nonnullableTable = {.tag=kFidlTypeHandle, .handle_subtype=ZX_OBJ_TYPE_TIMER, .handle_rights=2147483648u, .nullable=kFidlNullability_Nonnullable};

static const struct FidlCodedHandle Handlevcpu2147483648nonnullableTable = {.tag=kFidlTypeHandle, .handle_subtype=ZX_OBJ_TYPE_VCPU, .handle_rights=2147483648u, .nullable=kFidlNullability_Nonnullable};

static const struct FidlCodedHandle Handlevmar2147483648nonnullableTable = {.tag=kFidlTypeHandle, .handle_subtype=ZX_OBJ_TYPE_VMAR, .handle_rights=2147483648u, .nullable=kFidlNullability_Nonnullable};

static const struct FidlCodedHandle Handlevmo2147483648nonnullableTable = {.tag=kFidlTypeHandle, .handle_subtype=ZX_OBJ_TYPE_VMO, .handle_rights=2147483648u, .nullable=kFidlNullability_Nonnullable};

static const struct FidlCodedHandle Handlevmo5nonnullableTable = {.tag=kFidlTypeHandle, .handle_subtype=ZX_OBJ_TYPE_VMO, .handle_rights=5u, .nullable=kFidlNullability_Nonnullable};

static const struct FidlCodedHandle Handlevmo1nonnullableTable = {.tag=kFidlTypeHandle, .handle_subtype=ZX_OBJ_TYPE_VMO, .handle_rights=1u, .nullable=kFidlNullability_Nonnullable};

static const struct FidlCodedHandle Protocol25test_handles_SomeProtocolnonnullableTable = {.tag=kFidlTypeHandle, .handle_subtype=ZX_OBJ_TYPE_CHANNEL, .handle_rights=ZX_DEFAULT_CHANNEL_RIGHTS, .nullable=kFidlNullability_Nonnullable};

static const struct FidlCodedHandle Request25test_handles_SomeProtocolnonnullableTable = {.tag=kFidlTypeHandle, .handle_subtype=ZX_OBJ_TYPE_CHANNEL, .handle_rights=ZX_DEFAULT_CHANNEL_RIGHTS, .nullable=kFidlNullability_Nonnullable};

static const struct FidlCodedHandle Protocol27test_handles_DriverProtocolnonnullableTable = {.tag=kFidlTypeHandle, .handle_subtype=ZX_OBJ_TYPE_CHANNEL, .handle_rights=ZX_DEFAULT_CHANNEL_RIGHTS, .nullable=kFidlNullability_Nonnullable};

static const struct FidlCodedHandle Request27test_handles_DriverProtocolnonnullableTable = {.tag=kFidlTypeHandle, .handle_subtype=ZX_OBJ_TYPE_CHANNEL, .handle_rights=ZX_DEFAULT_CHANNEL_RIGHTS, .nullable=kFidlNullability_Nonnullable};


static const struct FidlStructElement Fields20test_handles_Handles[] = {
    /*FidlStructPadding*/{.field=/*FidlStructField*/{.header=/*FidlStructElementHeader*/{.element_type=kFidlStructElementType_Field, .is_resource=kFidlIsResource_Resource},.offset_v2=0u, .field_type=(fidl_type_t*)(&Handlehandle2147483648nonnullableTable)}},
    /*FidlStructPadding*/{.field=/*FidlStructField*/{.header=/*FidlStructElementHeader*/{.element_type=kFidlStructElementType_Field, .is_resource=kFidlIsResource_Resource},.offset_v2=4u, .field_type=(fidl_type_t*)(&Handlebti2147483648nonnullableTable)}},
    /*FidlStructPadding*/{.field=/*FidlStructField*/{.header=/*FidlStructElementHeader*/{.element_type=kFidlStructElementType_Field, .is_resource=kFidlIsResource_Resource},.offset_v2=8u, .field_type=(fidl_type_t*)(&Handlechannel2147483648nonnullableTable)}},
    /*FidlStructPadding*/{.field=/*FidlStructField*/{.header=/*FidlStructElementHeader*/{.element_type=kFidlStructElementType_Field, .is_resource=kFidlIsResource_Resource},.offset_v2=12u, .field_type=(fidl_type_t*)(&Handleclock2147483648nonnullableTable)}},
    /*FidlStructPadding*/{.field=/*FidlStructField*/{.header=/*FidlStructElementHeader*/{.element_type=kFidlStructElementType_Field, .is_resource=kFidlIsResource_Resource},.offset_v2=16u, .field_type=(fidl_type_t*)(&Handledebuglog2147483648nonnullableTable)}},
    /*FidlStructPadding*/{.field=/*FidlStructField*/{.header=/*FidlStructElementHeader*/{.element_type=kFidlStructElementType_Field, .is_resource=kFidlIsResource_Resource},.offset_v2=20u, .field_type=(fidl_type_t*)(&Handleevent2147483648nonnullableTable)}},
    /*FidlStructPadding*/{.field=/*FidlStructField*/{.header=/*FidlStructElementHeader*/{.element_type=kFidlStructElementType_Field, .is_resource=kFidlIsResource_Resource},.offset_v2=24u, .field_type=(fidl_type_t*)(&Handleeventpair2147483648nonnullableTable)}},
    /*FidlStructPadding*/{.field=/*FidlStructField*/{.header=/*FidlStructElementHeader*/{.element_type=kFidlStructElementType_Field, .is_resource=kFidlIsResource_Resource},.offset_v2=28u, .field_type=(fidl_type_t*)(&Handleexception2147483648nonnullableTable)}},
    /*FidlStructPadding*/{.field=/*FidlStructField*/{.header=/*FidlStructElementHeader*/{.element_type=kFidlStructElementType_Field, .is_resource=kFidlIsResource_Resource},.offset_v2=32u, .field_type=(fidl_type_t*)(&Handlefifo2147483648nonnullableTable)}},
    /*FidlStructPadding*/{.field=/*FidlStructField*/{.header=/*FidlStructElementHeader*/{.element_type=kFidlStructElementType_Field, .is_resource=kFidlIsResource_Resource},.offset_v2=36u, .field_type=(fidl_type_t*)(&Handleguest2147483648nonnullableTable)}},
    /*FidlStructPadding*/{.field=/*FidlStructField*/{.header=/*FidlStructElementHeader*/{.element_type=kFidlStructElementType_Field, .is_resource=kFidlIsResource_Resource},.offset_v2=40u, .field_type=(fidl_type_t*)(&Handleinterrupt2147483648nonnullableTable)}},
    /*FidlStructPadding*/{.field=/*FidlStructField*/{.header=/*FidlStructElementHeader*/{.element_type=kFidlStructElementType_Field, .is_resource=kFidlIsResource_Resource},.offset_v2=44u, .field_type=(fidl_type_t*)(&Handleiommu2147483648nonnullableTable)}},
    /*FidlStructPadding*/{.field=/*FidlStructField*/{.header=/*FidlStructElementHeader*/{.element_type=kFidlStructElementType_Field, .is_resource=kFidlIsResource_Resource},.offset_v2=48u, .field_type=(fidl_type_t*)(&Handlejob2147483648nonnullableTable)}},
    /*FidlStructPadding*/{.field=/*FidlStructField*/{.header=/*FidlStructElementHeader*/{.element_type=kFidlStructElementType_Field, .is_resource=kFidlIsResource_Resource},.offset_v2=52u, .field_type=(fidl_type_t*)(&Handlemsi2147483648nonnullableTable)}},
    /*FidlStructPadding*/{.field=/*FidlStructField*/{.header=/*FidlStructElementHeader*/{.element_type=kFidlStructElementType_Field, .is_resource=kFidlIsResource_Resource},.offset_v2=56u, .field_type=(fidl_type_t*)(&Handlepager2147483648nonnullableTable)}},
    /*FidlStructPadding*/{.field=/*FidlStructField*/{.header=/*FidlStructElementHeader*/{.element_type=kFidlStructElementType_Field, .is_resource=kFidlIsResource_Resource},.offset_v2=60u, .field_type=(fidl_type_t*)(&Handlepmt2147483648nonnullableTable)}},
    /*FidlStructPadding*/{.field=/*FidlStructField*/{.header=/*FidlStructElementHeader*/{.element_type=kFidlStructElementType_Field, .is_resource=kFidlIsResource_Resource},.offset_v2=64u, .field_type=(fidl_type_t*)(&Handleport2147483648nonnullableTable)}},
    /*FidlStructPadding*/{.field=/*FidlStructField*/{.header=/*FidlStructElementHeader*/{.element_type=kFidlStructElementType_Field, .is_resource=kFidlIsResource_Resource},.offset_v2=68u, .field_type=(fidl_type_t*)(&Handleprocess2147483648nonnullableTable)}},
    /*FidlStructPadding*/{.field=/*FidlStructField*/{.header=/*FidlStructElementHeader*/{.element_type=kFidlStructElementType_Field, .is_resource=kFidlIsResource_Resource},.offset_v2=72u, .field_type=(fidl_type_t*)(&Handleprofile2147483648nonnullableTable)}},
    /*FidlStructPadding*/{.field=/*FidlStructField*/{.header=/*FidlStructElementHeader*/{.element_type=kFidlStructElementType_Field, .is_resource=kFidlIsResource_Resource},.offset_v2=76u, .field_type=(fidl_type_t*)(&Handleresource2147483648nonnullableTable)}},
    /*FidlStructPadding*/{.field=/*FidlStructField*/{.header=/*FidlStructElementHeader*/{.element_type=kFidlStructElementType_Field, .is_resource=kFidlIsResource_Resource},.offset_v2=80u, .field_type=(fidl_type_t*)(&Handlesocket2147483648nonnullableTable)}},
    /*FidlStructPadding*/{.field=/*FidlStructField*/{.header=/*FidlStructElementHeader*/{.element_type=kFidlStructElementType_Field, .is_resource=kFidlIsResource_Resource},.offset_v2=84u, .field_type=(fidl_type_t*)(&Handlestream2147483648nonnullableTable)}},
    /*FidlStructPadding*/{.field=/*FidlStructField*/{.header=/*FidlStructElementHeader*/{.element_type=kFidlStructElementType_Field, .is_resource=kFidlIsResource_Resource},.offset_v2=88u, .field_type=(fidl_type_t*)(&Handlesuspendtoken2147483648nonnullableTable)}},
    /*FidlStructPadding*/{.field=/*FidlStructField*/{.header=/*FidlStructElementHeader*/{.element_type=kFidlStructElementType_Field, .is_resource=kFidlIsResource_Resource},.offset_v2=92u, .field_type=(fidl_type_t*)(&Handlethread2147483648nonnullableTable)}},
    /*FidlStructPadding*/{.field=/*FidlStructField*/{.header=/*FidlStructElementHeader*/{.element_type=kFidlStructElementType_Field, .is_resource=kFidlIsResource_Resource},.offset_v2=96u, .field_type=(fidl_type_t*)(&Handletimer2147483648nonnullableTable)}},
    /*FidlStructPadding*/{.field=/*FidlStructField*/{.header=/*FidlStructElementHeader*/{.element_type=kFidlStructElementType_Field, .is_resource=kFidlIsResource_Resource},.offset_v2=100u, .field_type=(fidl_type_t*)(&Handlevcpu2147483648nonnullableTable)}},
    /*FidlStructPadding*/{.field=/*FidlStructField*/{.header=/*FidlStructElementHeader*/{.element_type=kFidlStructElementType_Field, .is_resource=kFidlIsResource_Resource},.offset_v2=104u, .field_type=(fidl_type_t*)(&Handlevmar2147483648nonnullableTable)}},
    /*FidlStructPadding*/{.field=/*FidlStructField*/{.header=/*FidlStructElementHeader*/{.element_type=kFidlStructElementType_Field, .is_resource=kFidlIsResource_Resource},.offset_v2=108u, .field_type=(fidl_type_t*)(&Handlevmo2147483648nonnullableTable)}},
    /*FidlStructPadding*/{.field=/*FidlStructField*/{.header=/*FidlStructElementHeader*/{.element_type=kFidlStructElementType_Field, .is_resource=kFidlIsResource_Resource},.offset_v2=112u, .field_type=(fidl_type_t*)(&Handlevmo5nonnullableTable)}},
    /*FidlStructPadding*/{.field=/*FidlStructField*/{.header=/*FidlStructElementHeader*/{.element_type=kFidlStructElementType_Field, .is_resource=kFidlIsResource_Resource},.offset_v2=116u, .field_type=(fidl_type_t*)(&Handlehandle2147483648nonnullableTable)}},
    /*FidlStructPadding*/{.field=/*FidlStructField*/{.header=/*FidlStructElementHeader*/{.element_type=kFidlStructElementType_Field, .is_resource=kFidlIsResource_Resource},.offset_v2=120u, .field_type=(fidl_type_t*)(&Handlevmo2147483648nonnullableTable)}},
    /*FidlStructPadding*/{.field=/*FidlStructField*/{.header=/*FidlStructElementHeader*/{.element_type=kFidlStructElementType_Field, .is_resource=kFidlIsResource_Resource},.offset_v2=124u, .field_type=(fidl_type_t*)(&Handlevmo1nonnullableTable)}},
    /*FidlStructPadding*/{.field=/*FidlStructField*/{.header=/*FidlStructElementHeader*/{.element_type=kFidlStructElementType_Field, .is_resource=kFidlIsResource_Resource},.offset_v2=128u, .field_type=(fidl_type_t*)(&Protocol25test_handles_SomeProtocolnonnullableTable)}},
    /*FidlStructPadding*/{.field=/*FidlStructField*/{.header=/*FidlStructElementHeader*/{.element_type=kFidlStructElementType_Field, .is_resource=kFidlIsResource_Resource},.offset_v2=132u, .field_type=(fidl_type_t*)(&Request25test_handles_SomeProtocolnonnullableTable)}}
};
const struct FidlCodedStruct test_handles_HandlesTable = {.tag=kFidlTypeStruct, .contains_envelope=kFidlContainsEnvelope_DoesNotContainEnvelope, .is_empty=kFidlEmpty_IsNotEmpty, .elements=Fields20test_handles_Handles, .element_count=34u, .size_v2=136u, .name="test.handles/Handles"};

static const struct FidlStructElement Fields23test_handles_FdfHandles[] = {
    /*FidlStructPadding*/{.field=/*FidlStructField*/{.header=/*FidlStructElementHeader*/{.element_type=kFidlStructElementType_Field, .is_resource=kFidlIsResource_Resource},.offset_v2=0u, .field_type=(fidl_type_t*)(&Handlechannel2147483648nonnullableTable)}},
    /*FidlStructPadding*/{.field=/*FidlStructField*/{.header=/*FidlStructElementHeader*/{.element_type=kFidlStructElementType_Field, .is_resource=kFidlIsResource_Resource},.offset_v2=4u, .field_type=(fidl_type_t*)(&Protocol27test_handles_DriverProtocolnonnullableTable)}},
    /*FidlStructPadding*/{.field=/*FidlStructField*/{.header=/*FidlStructElementHeader*/{.element_type=kFidlStructElementType_Field, .is_resource=kFidlIsResource_Resource},.offset_v2=8u, .field_type=(fidl_type_t*)(&Request27test_handles_DriverProtocolnonnullableTable)}}
};
const struct FidlCodedStruct test_handles_FdfHandlesTable = {.tag=kFidlTypeStruct, .contains_envelope=kFidlContainsEnvelope_DoesNotContainEnvelope, .is_empty=kFidlEmpty_IsNotEmpty, .elements=Fields23test_handles_FdfHandles, .element_count=3u, .size_v2=12u, .name="test.handles/FdfHandles"};

